#
# There is insufficient memory for the Java Runtime Environment to continue.
# Native memory allocation (malloc) failed to allocate 166736 bytes. Error detail: Chunk::new
# Possible reasons:
#   The system is out of physical RAM or swap space
#   This process is running with CompressedOops enabled, and the Java Heap may be blocking the growth of the native heap
# Possible solutions:
#   Reduce memory load on the system
#   Increase physical memory or swap space
#   Check if swap backing store is full
#   Decrease Java heap size (-Xmx/-Xms)
#   Decrease number of Java threads
#   Decrease Java thread stack sizes (-Xss)
#   Set larger code cache with -XX:ReservedCodeCacheSize=
#   JVM is running with Unscaled Compressed Oops mode in which the Java heap is
#     placed in the first 4GB address space. The Java Heap base address is the
#     maximum limit for the native heap growth. Please use -XX:HeapBaseMinAddress
#     to set the Java Heap base and to place the Java Heap above 4GB virtual address.
# This output file may be truncated or incomplete.
#
#  Out of Memory Error (arena.cpp:150), pid=8248, tid=15416
#
# JRE version: Java(TM) SE Runtime Environment (22.0.2+9) (build 22.0.2+9-70)
# Java VM: Java HotSpot(TM) 64-Bit Server VM (22.0.2+9-70, mixed mode, sharing, tiered, compressed oops, compressed class ptrs, g1 gc, windows-amd64)
# No core dump will be written. Minidumps are not enabled by default on client versions of Windows
#

---------------  S U M M A R Y ------------

Command Line: -Dfile.encoding=UTF-8 -Dstdout.encoding=UTF-8 -Dstderr.encoding=UTF-8 -XX:+ShowCodeDetailsInExceptionMessages tempRunner.App

Host: AMD Ryzen 5 3600 6-Core Processor              , 12 cores, 7G,  Windows 11 , 64 bit Build 22621 (10.0.22621.4391)
Time: Sun Nov  3 17:34:05 2024 SA Pacific Standard Time elapsed time: 0.211628 seconds (0d 0h 0m 0s)

---------------  T H R E A D  ---------------

Current thread (0x0000022ce46ea250):  JavaThread "C2 CompilerThread1" daemon [_thread_in_native, id=15416, stack(0x0000003105900000,0x0000003105a00000) (1024K)]


Current CompileTask:
C2:211  546       4       java.util.Properties::loadConvert (540 bytes)

Stack: [0x0000003105900000,0x0000003105a00000]
Native frames: (J=compiled Java code, j=interpreted, Vv=VM code, C=native code)
V  [jvm.dll+0x6e26e9]  (no source info available)
V  [jvm.dll+0x875753]  (no source info available)
V  [jvm.dll+0x877b7e]  (no source info available)
V  [jvm.dll+0x878253]  (no source info available)
V  [jvm.dll+0x27fc86]  (no source info available)
V  [jvm.dll+0xc3d0f]  (no source info available)
V  [jvm.dll+0xc3f6b]  (no source info available)
V  [jvm.dll+0x3bb442]  (no source info available)
V  [jvm.dll+0x387d4b]  (no source info available)
V  [jvm.dll+0x3871ba]  (no source info available)
V  [jvm.dll+0x2477f8]  (no source info available)
V  [jvm.dll+0x246e9f]  (no source info available)
V  [jvm.dll+0x1c4e80]  (no source info available)
V  [jvm.dll+0x2568f3]  (no source info available)
V  [jvm.dll+0x254baa]  (no source info available)
V  [jvm.dll+0x3f57a6]  (no source info available)
V  [jvm.dll+0x81dc0b]  (no source info available)
V  [jvm.dll+0x6e0d85]  (no source info available)
C  [ucrtbase.dll+0x29333]  (no source info available)
C  [KERNEL32.DLL+0x1259d]  (no source info available)
C  [ntdll.dll+0x5af38]  (no source info available)


---------------  P R O C E S S  ---------------

Threads class SMR info:
_java_thread_list=0x0000022ce48a6b10, length=15, elements={
0x0000022cc589fb50, 0x0000022ce46dbbe0, 0x0000022ce46dd2a0, 0x0000022ce46ed100,
0x0000022ce46edd60, 0x0000022ce46f40d0, 0x0000022ce46f2550, 0x0000022ce46fb5f0,
0x0000022ce46e94b0, 0x0000022cc523fbe0, 0x0000022cc524caa0, 0x0000022ce487a0a0,
0x0000022ce487c900, 0x0000022cc5518100, 0x0000022ce46ea250
}

Java Threads: ( => current thread )
  0x0000022cc589fb50 JavaThread "main"                              [_thread_in_vm, id=19324, stack(0x0000003104400000,0x0000003104500000) (1024K)]
  0x0000022ce46dbbe0 JavaThread "Reference Handler"          daemon [_thread_blocked, id=16032, stack(0x0000003104c00000,0x0000003104d00000) (1024K)]
  0x0000022ce46dd2a0 JavaThread "Finalizer"                  daemon [_thread_blocked, id=10276, stack(0x0000003104d00000,0x0000003104e00000) (1024K)]
  0x0000022ce46ed100 JavaThread "Signal Dispatcher"          daemon [_thread_blocked, id=18056, stack(0x0000003104e00000,0x0000003104f00000) (1024K)]
  0x0000022ce46edd60 JavaThread "Attach Listener"            daemon [_thread_blocked, id=15068, stack(0x0000003104f00000,0x0000003105000000) (1024K)]
  0x0000022ce46f40d0 JavaThread "Service Thread"             daemon [_thread_blocked, id=21732, stack(0x0000003105000000,0x0000003105100000) (1024K)]
  0x0000022ce46f2550 JavaThread "Monitor Deflation Thread"   daemon [_thread_blocked, id=25776, stack(0x0000003105100000,0x0000003105200000) (1024K)]
  0x0000022ce46fb5f0 JavaThread "C2 CompilerThread0"         daemon [_thread_in_native, id=20820, stack(0x0000003105200000,0x0000003105300000) (1024K)]
  0x0000022ce46e94b0 JavaThread "C1 CompilerThread0"         daemon [_thread_in_native, id=9036, stack(0x0000003105300000,0x0000003105400000) (1024K)]
  0x0000022cc523fbe0 JavaThread "Notification Thread"        daemon [_thread_blocked, id=21148, stack(0x0000003105400000,0x0000003105500000) (1024K)]
  0x0000022cc524caa0 JavaThread "Common-Cleaner"             daemon [_thread_blocked, id=10644, stack(0x0000003105500000,0x0000003105600000) (1024K)]
  0x0000022ce487a0a0 JavaThread "Java2D Disposer"            daemon [_thread_blocked, id=23212, stack(0x0000003105600000,0x0000003105700000) (1024K)]
  0x0000022ce487c900 JavaThread "AWT-Shutdown"                      [_thread_blocked, id=3880, stack(0x0000003105700000,0x0000003105800000) (1024K)]
  0x0000022cc5518100 JavaThread "AWT-Windows"                daemon [_thread_in_native, id=1092, stack(0x0000003105800000,0x0000003105900000) (1024K)]
=>0x0000022ce46ea250 JavaThread "C2 CompilerThread1"         daemon [_thread_in_native, id=15416, stack(0x0000003105900000,0x0000003105a00000) (1024K)]
Total: 15

Other Threads:
  0x0000022ce46c2be0 VMThread "VM Thread"                           [id=27296, stack(0x0000003104b00000,0x0000003104c00000) (1024K)]
  0x0000022ce46a9e30 WatcherThread "VM Periodic Task Thread"        [id=15368, stack(0x0000003104a00000,0x0000003104b00000) (1024K)]
  0x0000022cc7a945f0 WorkerThread "GC Thread#0"                     [id=16816, stack(0x0000003104500000,0x0000003104600000) (1024K)]
  0x0000022cc7aa5bb0 ConcurrentGCThread "G1 Main Marker"            [id=10264, stack(0x0000003104600000,0x0000003104700000) (1024K)]
  0x0000022cc7aa66c0 WorkerThread "G1 Conc#0"                       [id=4508, stack(0x0000003104700000,0x0000003104800000) (1024K)]
  0x0000022cc7afe440 ConcurrentGCThread "G1 Refine#0"               [id=16044, stack(0x0000003104800000,0x0000003104900000) (1024K)]
  0x0000022ce4569530 ConcurrentGCThread "G1 Service"                [id=20456, stack(0x0000003104900000,0x0000003104a00000) (1024K)]
Total: 7

Threads with active compile tasks:
C2 CompilerThread0  256  547       4       java.util.Properties$LineReader::readLine (584 bytes)
C1 CompilerThread0  256  608   !   3       com.formdev.flatlaf.UIDefaultsLoader::parseValue (1702 bytes)
C2 CompilerThread1  256  546       4       java.util.Properties::loadConvert (540 bytes)
Total: 3

VM state: not at safepoint (normal execution)

VM Mutex/Monitor currently owned by a thread: None

Heap address: 0x0000000081c00000, size: 2020 MB, Compressed Oops mode: 32-bit

CDS archive(s) mapped at: [0x0000022c80000000-0x0000022c80c60000-0x0000022c80c60000), size 12976128, SharedBaseAddress: 0x0000022c80000000, ArchiveRelocationMode: 1.
Compressed class space mapped at: 0x0000022c81000000-0x0000022cc1000000, reserved size: 1073741824
Narrow klass base: 0x0000022c80000000, Narrow klass shift: 0, Narrow klass range: 0x41000000

GC Precious Log:
 CardTable entry size: 512
 Card Set container configuration: InlinePtr #cards 5 size 8 Array Of Cards #cards 12 size 40 Howl #buckets 4 coarsen threshold 1843 Howl Bitmap #cards 512 size 80 coarsen threshold 460 Card regions per heap region 1 cards per card region 2048
 CPUs: 12 total, 12 available
 Memory: 8076M
 Large Page Support: Disabled
 NUMA Support: Disabled
 Compressed Oops: Enabled (32-bit)
 Heap Region Size: 1M
 Heap Min Capacity: 8M
 Heap Initial Capacity: 128M
 Heap Max Capacity: 2020M
 Pre-touch: Disabled
 Parallel Workers: 10
 Concurrent Workers: 3
 Concurrent Refinement Workers: 10
 Periodic GC: Disabled

Heap:
 garbage-first heap   total reserved 2068480K, committed 131072K, used 6144K [0x0000000081c00000, 0x0000000100000000)
  region size 1024K, 7 young (7168K), 0 survivors (0K)
 Metaspace       used 3998K, committed 4224K, reserved 1114112K
  class space    used 378K, committed 448K, reserved 1048576K

Heap Regions: E=young(eden), S=young(survivor), O=old, HS=humongous(starts), HC=humongous(continues), CS=collection set, F=free, TAMS=top-at-mark-start, PB=parsable bottom
|   0|0x0000000081c00000, 0x0000000081c00000, 0x0000000081d00000|  0%| F|  |TAMS 0x0000000081c00000| PB 0x0000000081c00000| Untracked |  0
|   1|0x0000000081d00000, 0x0000000081d00000, 0x0000000081e00000|  0%| F|  |TAMS 0x0000000081d00000| PB 0x0000000081d00000| Untracked |  0
|   2|0x0000000081e00000, 0x0000000081e00000, 0x0000000081f00000|  0%| F|  |TAMS 0x0000000081e00000| PB 0x0000000081e00000| Untracked |  0
|   3|0x0000000081f00000, 0x0000000081f00000, 0x0000000082000000|  0%| F|  |TAMS 0x0000000081f00000| PB 0x0000000081f00000| Untracked |  0
|   4|0x0000000082000000, 0x0000000082000000, 0x0000000082100000|  0%| F|  |TAMS 0x0000000082000000| PB 0x0000000082000000| Untracked |  0
|   5|0x0000000082100000, 0x0000000082100000, 0x0000000082200000|  0%| F|  |TAMS 0x0000000082100000| PB 0x0000000082100000| Untracked |  0
|   6|0x0000000082200000, 0x0000000082200000, 0x0000000082300000|  0%| F|  |TAMS 0x0000000082200000| PB 0x0000000082200000| Untracked |  0
|   7|0x0000000082300000, 0x0000000082300000, 0x0000000082400000|  0%| F|  |TAMS 0x0000000082300000| PB 0x0000000082300000| Untracked |  0
|   8|0x0000000082400000, 0x0000000082400000, 0x0000000082500000|  0%| F|  |TAMS 0x0000000082400000| PB 0x0000000082400000| Untracked |  0
|   9|0x0000000082500000, 0x0000000082500000, 0x0000000082600000|  0%| F|  |TAMS 0x0000000082500000| PB 0x0000000082500000| Untracked |  0
|  10|0x0000000082600000, 0x0000000082600000, 0x0000000082700000|  0%| F|  |TAMS 0x0000000082600000| PB 0x0000000082600000| Untracked |  0
|  11|0x0000000082700000, 0x0000000082700000, 0x0000000082800000|  0%| F|  |TAMS 0x0000000082700000| PB 0x0000000082700000| Untracked |  0
|  12|0x0000000082800000, 0x0000000082800000, 0x0000000082900000|  0%| F|  |TAMS 0x0000000082800000| PB 0x0000000082800000| Untracked |  0
|  13|0x0000000082900000, 0x0000000082900000, 0x0000000082a00000|  0%| F|  |TAMS 0x0000000082900000| PB 0x0000000082900000| Untracked |  0
|  14|0x0000000082a00000, 0x0000000082a00000, 0x0000000082b00000|  0%| F|  |TAMS 0x0000000082a00000| PB 0x0000000082a00000| Untracked |  0
|  15|0x0000000082b00000, 0x0000000082b00000, 0x0000000082c00000|  0%| F|  |TAMS 0x0000000082b00000| PB 0x0000000082b00000| Untracked |  0
|  16|0x0000000082c00000, 0x0000000082c00000, 0x0000000082d00000|  0%| F|  |TAMS 0x0000000082c00000| PB 0x0000000082c00000| Untracked |  0
|  17|0x0000000082d00000, 0x0000000082d00000, 0x0000000082e00000|  0%| F|  |TAMS 0x0000000082d00000| PB 0x0000000082d00000| Untracked |  0
|  18|0x0000000082e00000, 0x0000000082e00000, 0x0000000082f00000|  0%| F|  |TAMS 0x0000000082e00000| PB 0x0000000082e00000| Untracked |  0
|  19|0x0000000082f00000, 0x0000000082f00000, 0x0000000083000000|  0%| F|  |TAMS 0x0000000082f00000| PB 0x0000000082f00000| Untracked |  0
|  20|0x0000000083000000, 0x0000000083000000, 0x0000000083100000|  0%| F|  |TAMS 0x0000000083000000| PB 0x0000000083000000| Untracked |  0
|  21|0x0000000083100000, 0x0000000083100000, 0x0000000083200000|  0%| F|  |TAMS 0x0000000083100000| PB 0x0000000083100000| Untracked |  0
|  22|0x0000000083200000, 0x0000000083200000, 0x0000000083300000|  0%| F|  |TAMS 0x0000000083200000| PB 0x0000000083200000| Untracked |  0
|  23|0x0000000083300000, 0x0000000083300000, 0x0000000083400000|  0%| F|  |TAMS 0x0000000083300000| PB 0x0000000083300000| Untracked |  0
|  24|0x0000000083400000, 0x0000000083400000, 0x0000000083500000|  0%| F|  |TAMS 0x0000000083400000| PB 0x0000000083400000| Untracked |  0
|  25|0x0000000083500000, 0x0000000083500000, 0x0000000083600000|  0%| F|  |TAMS 0x0000000083500000| PB 0x0000000083500000| Untracked |  0
|  26|0x0000000083600000, 0x0000000083600000, 0x0000000083700000|  0%| F|  |TAMS 0x0000000083600000| PB 0x0000000083600000| Untracked |  0
|  27|0x0000000083700000, 0x0000000083700000, 0x0000000083800000|  0%| F|  |TAMS 0x0000000083700000| PB 0x0000000083700000| Untracked |  0
|  28|0x0000000083800000, 0x0000000083800000, 0x0000000083900000|  0%| F|  |TAMS 0x0000000083800000| PB 0x0000000083800000| Untracked |  0
|  29|0x0000000083900000, 0x0000000083900000, 0x0000000083a00000|  0%| F|  |TAMS 0x0000000083900000| PB 0x0000000083900000| Untracked |  0
|  30|0x0000000083a00000, 0x0000000083a00000, 0x0000000083b00000|  0%| F|  |TAMS 0x0000000083a00000| PB 0x0000000083a00000| Untracked |  0
|  31|0x0000000083b00000, 0x0000000083b00000, 0x0000000083c00000|  0%| F|  |TAMS 0x0000000083b00000| PB 0x0000000083b00000| Untracked |  0
|  32|0x0000000083c00000, 0x0000000083c00000, 0x0000000083d00000|  0%| F|  |TAMS 0x0000000083c00000| PB 0x0000000083c00000| Untracked |  0
|  33|0x0000000083d00000, 0x0000000083d00000, 0x0000000083e00000|  0%| F|  |TAMS 0x0000000083d00000| PB 0x0000000083d00000| Untracked |  0
|  34|0x0000000083e00000, 0x0000000083e00000, 0x0000000083f00000|  0%| F|  |TAMS 0x0000000083e00000| PB 0x0000000083e00000| Untracked |  0
|  35|0x0000000083f00000, 0x0000000083f00000, 0x0000000084000000|  0%| F|  |TAMS 0x0000000083f00000| PB 0x0000000083f00000| Untracked |  0
|  36|0x0000000084000000, 0x0000000084000000, 0x0000000084100000|  0%| F|  |TAMS 0x0000000084000000| PB 0x0000000084000000| Untracked |  0
|  37|0x0000000084100000, 0x0000000084100000, 0x0000000084200000|  0%| F|  |TAMS 0x0000000084100000| PB 0x0000000084100000| Untracked |  0
|  38|0x0000000084200000, 0x0000000084200000, 0x0000000084300000|  0%| F|  |TAMS 0x0000000084200000| PB 0x0000000084200000| Untracked |  0
|  39|0x0000000084300000, 0x0000000084300000, 0x0000000084400000|  0%| F|  |TAMS 0x0000000084300000| PB 0x0000000084300000| Untracked |  0
|  40|0x0000000084400000, 0x0000000084400000, 0x0000000084500000|  0%| F|  |TAMS 0x0000000084400000| PB 0x0000000084400000| Untracked |  0
|  41|0x0000000084500000, 0x0000000084500000, 0x0000000084600000|  0%| F|  |TAMS 0x0000000084500000| PB 0x0000000084500000| Untracked |  0
|  42|0x0000000084600000, 0x0000000084600000, 0x0000000084700000|  0%| F|  |TAMS 0x0000000084600000| PB 0x0000000084600000| Untracked |  0
|  43|0x0000000084700000, 0x0000000084700000, 0x0000000084800000|  0%| F|  |TAMS 0x0000000084700000| PB 0x0000000084700000| Untracked |  0
|  44|0x0000000084800000, 0x0000000084800000, 0x0000000084900000|  0%| F|  |TAMS 0x0000000084800000| PB 0x0000000084800000| Untracked |  0
|  45|0x0000000084900000, 0x0000000084900000, 0x0000000084a00000|  0%| F|  |TAMS 0x0000000084900000| PB 0x0000000084900000| Untracked |  0
|  46|0x0000000084a00000, 0x0000000084a00000, 0x0000000084b00000|  0%| F|  |TAMS 0x0000000084a00000| PB 0x0000000084a00000| Untracked |  0
|  47|0x0000000084b00000, 0x0000000084b00000, 0x0000000084c00000|  0%| F|  |TAMS 0x0000000084b00000| PB 0x0000000084b00000| Untracked |  0
|  48|0x0000000084c00000, 0x0000000084c00000, 0x0000000084d00000|  0%| F|  |TAMS 0x0000000084c00000| PB 0x0000000084c00000| Untracked |  0
|  49|0x0000000084d00000, 0x0000000084d00000, 0x0000000084e00000|  0%| F|  |TAMS 0x0000000084d00000| PB 0x0000000084d00000| Untracked |  0
|  50|0x0000000084e00000, 0x0000000084e00000, 0x0000000084f00000|  0%| F|  |TAMS 0x0000000084e00000| PB 0x0000000084e00000| Untracked |  0
|  51|0x0000000084f00000, 0x0000000084f00000, 0x0000000085000000|  0%| F|  |TAMS 0x0000000084f00000| PB 0x0000000084f00000| Untracked |  0
|  52|0x0000000085000000, 0x0000000085000000, 0x0000000085100000|  0%| F|  |TAMS 0x0000000085000000| PB 0x0000000085000000| Untracked |  0
|  53|0x0000000085100000, 0x0000000085100000, 0x0000000085200000|  0%| F|  |TAMS 0x0000000085100000| PB 0x0000000085100000| Untracked |  0
|  54|0x0000000085200000, 0x0000000085200000, 0x0000000085300000|  0%| F|  |TAMS 0x0000000085200000| PB 0x0000000085200000| Untracked |  0
|  55|0x0000000085300000, 0x0000000085300000, 0x0000000085400000|  0%| F|  |TAMS 0x0000000085300000| PB 0x0000000085300000| Untracked |  0
|  56|0x0000000085400000, 0x0000000085400000, 0x0000000085500000|  0%| F|  |TAMS 0x0000000085400000| PB 0x0000000085400000| Untracked |  0
|  57|0x0000000085500000, 0x0000000085500000, 0x0000000085600000|  0%| F|  |TAMS 0x0000000085500000| PB 0x0000000085500000| Untracked |  0
|  58|0x0000000085600000, 0x0000000085600000, 0x0000000085700000|  0%| F|  |TAMS 0x0000000085600000| PB 0x0000000085600000| Untracked |  0
|  59|0x0000000085700000, 0x0000000085700000, 0x0000000085800000|  0%| F|  |TAMS 0x0000000085700000| PB 0x0000000085700000| Untracked |  0
|  60|0x0000000085800000, 0x0000000085800000, 0x0000000085900000|  0%| F|  |TAMS 0x0000000085800000| PB 0x0000000085800000| Untracked |  0
|  61|0x0000000085900000, 0x0000000085900000, 0x0000000085a00000|  0%| F|  |TAMS 0x0000000085900000| PB 0x0000000085900000| Untracked |  0
|  62|0x0000000085a00000, 0x0000000085a00000, 0x0000000085b00000|  0%| F|  |TAMS 0x0000000085a00000| PB 0x0000000085a00000| Untracked |  0
|  63|0x0000000085b00000, 0x0000000085b00000, 0x0000000085c00000|  0%| F|  |TAMS 0x0000000085b00000| PB 0x0000000085b00000| Untracked |  0
|  64|0x0000000085c00000, 0x0000000085c00000, 0x0000000085d00000|  0%| F|  |TAMS 0x0000000085c00000| PB 0x0000000085c00000| Untracked |  0
|  65|0x0000000085d00000, 0x0000000085d00000, 0x0000000085e00000|  0%| F|  |TAMS 0x0000000085d00000| PB 0x0000000085d00000| Untracked |  0
|  66|0x0000000085e00000, 0x0000000085e00000, 0x0000000085f00000|  0%| F|  |TAMS 0x0000000085e00000| PB 0x0000000085e00000| Untracked |  0
|  67|0x0000000085f00000, 0x0000000085f00000, 0x0000000086000000|  0%| F|  |TAMS 0x0000000085f00000| PB 0x0000000085f00000| Untracked |  0
|  68|0x0000000086000000, 0x0000000086000000, 0x0000000086100000|  0%| F|  |TAMS 0x0000000086000000| PB 0x0000000086000000| Untracked |  0
|  69|0x0000000086100000, 0x0000000086100000, 0x0000000086200000|  0%| F|  |TAMS 0x0000000086100000| PB 0x0000000086100000| Untracked |  0
|  70|0x0000000086200000, 0x0000000086200000, 0x0000000086300000|  0%| F|  |TAMS 0x0000000086200000| PB 0x0000000086200000| Untracked |  0
|  71|0x0000000086300000, 0x0000000086300000, 0x0000000086400000|  0%| F|  |TAMS 0x0000000086300000| PB 0x0000000086300000| Untracked |  0
|  72|0x0000000086400000, 0x0000000086400000, 0x0000000086500000|  0%| F|  |TAMS 0x0000000086400000| PB 0x0000000086400000| Untracked |  0
|  73|0x0000000086500000, 0x0000000086500000, 0x0000000086600000|  0%| F|  |TAMS 0x0000000086500000| PB 0x0000000086500000| Untracked |  0
|  74|0x0000000086600000, 0x0000000086600000, 0x0000000086700000|  0%| F|  |TAMS 0x0000000086600000| PB 0x0000000086600000| Untracked |  0
|  75|0x0000000086700000, 0x0000000086700000, 0x0000000086800000|  0%| F|  |TAMS 0x0000000086700000| PB 0x0000000086700000| Untracked |  0
|  76|0x0000000086800000, 0x0000000086800000, 0x0000000086900000|  0%| F|  |TAMS 0x0000000086800000| PB 0x0000000086800000| Untracked |  0
|  77|0x0000000086900000, 0x0000000086900000, 0x0000000086a00000|  0%| F|  |TAMS 0x0000000086900000| PB 0x0000000086900000| Untracked |  0
|  78|0x0000000086a00000, 0x0000000086a00000, 0x0000000086b00000|  0%| F|  |TAMS 0x0000000086a00000| PB 0x0000000086a00000| Untracked |  0
|  79|0x0000000086b00000, 0x0000000086b00000, 0x0000000086c00000|  0%| F|  |TAMS 0x0000000086b00000| PB 0x0000000086b00000| Untracked |  0
|  80|0x0000000086c00000, 0x0000000086c00000, 0x0000000086d00000|  0%| F|  |TAMS 0x0000000086c00000| PB 0x0000000086c00000| Untracked |  0
|  81|0x0000000086d00000, 0x0000000086d00000, 0x0000000086e00000|  0%| F|  |TAMS 0x0000000086d00000| PB 0x0000000086d00000| Untracked |  0
|  82|0x0000000086e00000, 0x0000000086e00000, 0x0000000086f00000|  0%| F|  |TAMS 0x0000000086e00000| PB 0x0000000086e00000| Untracked |  0
|  83|0x0000000086f00000, 0x0000000086f00000, 0x0000000087000000|  0%| F|  |TAMS 0x0000000086f00000| PB 0x0000000086f00000| Untracked |  0
|  84|0x0000000087000000, 0x0000000087000000, 0x0000000087100000|  0%| F|  |TAMS 0x0000000087000000| PB 0x0000000087000000| Untracked |  0
|  85|0x0000000087100000, 0x0000000087100000, 0x0000000087200000|  0%| F|  |TAMS 0x0000000087100000| PB 0x0000000087100000| Untracked |  0
|  86|0x0000000087200000, 0x0000000087200000, 0x0000000087300000|  0%| F|  |TAMS 0x0000000087200000| PB 0x0000000087200000| Untracked |  0
|  87|0x0000000087300000, 0x0000000087300000, 0x0000000087400000|  0%| F|  |TAMS 0x0000000087300000| PB 0x0000000087300000| Untracked |  0
|  88|0x0000000087400000, 0x0000000087400000, 0x0000000087500000|  0%| F|  |TAMS 0x0000000087400000| PB 0x0000000087400000| Untracked |  0
|  89|0x0000000087500000, 0x0000000087500000, 0x0000000087600000|  0%| F|  |TAMS 0x0000000087500000| PB 0x0000000087500000| Untracked |  0
|  90|0x0000000087600000, 0x0000000087600000, 0x0000000087700000|  0%| F|  |TAMS 0x0000000087600000| PB 0x0000000087600000| Untracked |  0
|  91|0x0000000087700000, 0x0000000087700000, 0x0000000087800000|  0%| F|  |TAMS 0x0000000087700000| PB 0x0000000087700000| Untracked |  0
|  92|0x0000000087800000, 0x0000000087800000, 0x0000000087900000|  0%| F|  |TAMS 0x0000000087800000| PB 0x0000000087800000| Untracked |  0
|  93|0x0000000087900000, 0x0000000087900000, 0x0000000087a00000|  0%| F|  |TAMS 0x0000000087900000| PB 0x0000000087900000| Untracked |  0
|  94|0x0000000087a00000, 0x0000000087a00000, 0x0000000087b00000|  0%| F|  |TAMS 0x0000000087a00000| PB 0x0000000087a00000| Untracked |  0
|  95|0x0000000087b00000, 0x0000000087b00000, 0x0000000087c00000|  0%| F|  |TAMS 0x0000000087b00000| PB 0x0000000087b00000| Untracked |  0
|  96|0x0000000087c00000, 0x0000000087c00000, 0x0000000087d00000|  0%| F|  |TAMS 0x0000000087c00000| PB 0x0000000087c00000| Untracked |  0
|  97|0x0000000087d00000, 0x0000000087d00000, 0x0000000087e00000|  0%| F|  |TAMS 0x0000000087d00000| PB 0x0000000087d00000| Untracked |  0
|  98|0x0000000087e00000, 0x0000000087e00000, 0x0000000087f00000|  0%| F|  |TAMS 0x0000000087e00000| PB 0x0000000087e00000| Untracked |  0
|  99|0x0000000087f00000, 0x0000000087f00000, 0x0000000088000000|  0%| F|  |TAMS 0x0000000087f00000| PB 0x0000000087f00000| Untracked |  0
| 100|0x0000000088000000, 0x0000000088000000, 0x0000000088100000|  0%| F|  |TAMS 0x0000000088000000| PB 0x0000000088000000| Untracked |  0
| 101|0x0000000088100000, 0x0000000088100000, 0x0000000088200000|  0%| F|  |TAMS 0x0000000088100000| PB 0x0000000088100000| Untracked |  0
| 102|0x0000000088200000, 0x0000000088200000, 0x0000000088300000|  0%| F|  |TAMS 0x0000000088200000| PB 0x0000000088200000| Untracked |  0
| 103|0x0000000088300000, 0x0000000088300000, 0x0000000088400000|  0%| F|  |TAMS 0x0000000088300000| PB 0x0000000088300000| Untracked |  0
| 104|0x0000000088400000, 0x0000000088400000, 0x0000000088500000|  0%| F|  |TAMS 0x0000000088400000| PB 0x0000000088400000| Untracked |  0
| 105|0x0000000088500000, 0x0000000088500000, 0x0000000088600000|  0%| F|  |TAMS 0x0000000088500000| PB 0x0000000088500000| Untracked |  0
| 106|0x0000000088600000, 0x0000000088600000, 0x0000000088700000|  0%| F|  |TAMS 0x0000000088600000| PB 0x0000000088600000| Untracked |  0
| 107|0x0000000088700000, 0x0000000088700000, 0x0000000088800000|  0%| F|  |TAMS 0x0000000088700000| PB 0x0000000088700000| Untracked |  0
| 108|0x0000000088800000, 0x0000000088800000, 0x0000000088900000|  0%| F|  |TAMS 0x0000000088800000| PB 0x0000000088800000| Untracked |  0
| 109|0x0000000088900000, 0x0000000088900000, 0x0000000088a00000|  0%| F|  |TAMS 0x0000000088900000| PB 0x0000000088900000| Untracked |  0
| 110|0x0000000088a00000, 0x0000000088a00000, 0x0000000088b00000|  0%| F|  |TAMS 0x0000000088a00000| PB 0x0000000088a00000| Untracked |  0
| 111|0x0000000088b00000, 0x0000000088b00000, 0x0000000088c00000|  0%| F|  |TAMS 0x0000000088b00000| PB 0x0000000088b00000| Untracked |  0
| 112|0x0000000088c00000, 0x0000000088c00000, 0x0000000088d00000|  0%| F|  |TAMS 0x0000000088c00000| PB 0x0000000088c00000| Untracked |  0
| 113|0x0000000088d00000, 0x0000000088d00000, 0x0000000088e00000|  0%| F|  |TAMS 0x0000000088d00000| PB 0x0000000088d00000| Untracked |  0
| 114|0x0000000088e00000, 0x0000000088e00000, 0x0000000088f00000|  0%| F|  |TAMS 0x0000000088e00000| PB 0x0000000088e00000| Untracked |  0
| 115|0x0000000088f00000, 0x0000000088f00000, 0x0000000089000000|  0%| F|  |TAMS 0x0000000088f00000| PB 0x0000000088f00000| Untracked |  0
| 116|0x0000000089000000, 0x0000000089000000, 0x0000000089100000|  0%| F|  |TAMS 0x0000000089000000| PB 0x0000000089000000| Untracked |  0
| 117|0x0000000089100000, 0x0000000089100000, 0x0000000089200000|  0%| F|  |TAMS 0x0000000089100000| PB 0x0000000089100000| Untracked |  0
| 118|0x0000000089200000, 0x0000000089200000, 0x0000000089300000|  0%| F|  |TAMS 0x0000000089200000| PB 0x0000000089200000| Untracked |  0
| 119|0x0000000089300000, 0x0000000089300000, 0x0000000089400000|  0%| F|  |TAMS 0x0000000089300000| PB 0x0000000089300000| Untracked |  0
| 120|0x0000000089400000, 0x0000000089400000, 0x0000000089500000|  0%| F|  |TAMS 0x0000000089400000| PB 0x0000000089400000| Untracked |  0
| 121|0x0000000089500000, 0x00000000895f5d58, 0x0000000089600000| 96%| E|  |TAMS 0x0000000089500000| PB 0x0000000089500000| Complete |  0
| 122|0x0000000089600000, 0x0000000089700000, 0x0000000089700000|100%| E|CS|TAMS 0x0000000089600000| PB 0x0000000089600000| Complete |  0
| 123|0x0000000089700000, 0x0000000089800000, 0x0000000089800000|100%| E|CS|TAMS 0x0000000089700000| PB 0x0000000089700000| Complete |  0
| 124|0x0000000089800000, 0x0000000089900000, 0x0000000089900000|100%| E|CS|TAMS 0x0000000089800000| PB 0x0000000089800000| Complete |  0
| 125|0x0000000089900000, 0x0000000089a00000, 0x0000000089a00000|100%| E|CS|TAMS 0x0000000089900000| PB 0x0000000089900000| Complete |  0
| 126|0x0000000089a00000, 0x0000000089b00000, 0x0000000089b00000|100%| E|CS|TAMS 0x0000000089a00000| PB 0x0000000089a00000| Complete |  0
| 127|0x0000000089b00000, 0x0000000089c00000, 0x0000000089c00000|100%| E|CS|TAMS 0x0000000089b00000| PB 0x0000000089b00000| Complete |  0

Card table byte_map: [0x0000022cdf6f0000,0x0000022cdfaf0000] _byte_map_base: 0x0000022cdf2e2000

Marking Bits: (CMBitMap*) 0x0000022cc7a94d00
 Bits: [0x0000022cdfaf0000, 0x0000022ce1a80000)

Polling page: 0x0000022cc5a10000

Metaspace:

Usage:
  Non-class:      3.53 MB used.
      Class:    378.52 KB used.
       Both:      3.90 MB used.

Virtual space:
  Non-class space:       64.00 MB reserved,       3.69 MB (  6%) committed,  1 nodes.
      Class space:        1.00 GB reserved,     448.00 KB ( <1%) committed,  1 nodes.
             Both:        1.06 GB reserved,       4.12 MB ( <1%) committed. 

Chunk freelists:
   Non-Class:  11.54 MB
       Class:  15.53 MB
        Both:  27.07 MB

MaxMetaspaceSize: unlimited
CompressedClassSpaceSize: 1.00 GB
Initial GC threshold: 21.00 MB
Current GC threshold: 21.00 MB
CDS: on
 - commit_granule_bytes: 65536.
 - commit_granule_words: 8192.
 - virtual_space_node_default_size: 8388608.
 - enlarge_chunks_in_place: 1.
 - use_allocation_guard: 0.


Internal statistics:

num_allocs_failed_limit: 0.
num_arena_births: 118.
num_arena_deaths: 0.
num_vsnodes_births: 2.
num_vsnodes_deaths: 0.
num_space_committed: 66.
num_space_uncommitted: 0.
num_chunks_returned_to_freelist: 0.
num_chunks_taken_from_freelist: 156.
num_chunk_merges: 0.
num_chunk_splits: 97.
num_chunks_enlarged: 53.
num_inconsistent_stats: 0.

CodeHeap 'non-profiled nmethods': size=120000Kb used=168Kb max_used=168Kb free=119831Kb
 bounds [0x0000022cd7860000, 0x0000022cd7ad0000, 0x0000022cded90000]
CodeHeap 'profiled nmethods': size=120000Kb used=892Kb max_used=892Kb free=119108Kb
 bounds [0x0000022ccfd90000, 0x0000022cd0000000, 0x0000022cd72c0000]
CodeHeap 'non-nmethods': size=5760Kb used=1423Kb max_used=1428Kb free=4336Kb
 bounds [0x0000022cd72c0000, 0x0000022cd7530000, 0x0000022cd7860000]
 total_blobs=1116 nmethods=601 adapters=420
 compilation: enabled
              stopped_count=0, restarted_count=0
 full_count=0

Compilation events (20 events):
Event: 0.207 Thread 0x0000022ce46e94b0 nmethod 583 0x0000022ccfe64690 code [0x0000022ccfe64860, 0x0000022ccfe64c98]
Event: 0.207 Thread 0x0000022ce46e94b0  585       3       java.lang.String::trim (35 bytes)
Event: 0.207 Thread 0x0000022ce46e94b0 nmethod 585 0x0000022ccfe64e10 code [0x0000022ccfe64fe0, 0x0000022ccfe652b0]
Event: 0.207 Thread 0x0000022ce46e94b0  584       3       java.lang.Character::digit (6 bytes)
Event: 0.207 Thread 0x0000022ce46e94b0 nmethod 584 0x0000022ccfe65390 code [0x0000022ccfe65540, 0x0000022ccfe657a0]
Event: 0.207 Thread 0x0000022ce46e94b0  586       3       java.lang.StringConcatHelper::newString (67 bytes)
Event: 0.208 Thread 0x0000022ce46e94b0 nmethod 586 0x0000022ccfe65890 code [0x0000022ccfe65b00, 0x0000022ccfe66518]
Event: 0.208 Thread 0x0000022ce46e94b0  588       3       java.lang.invoke.MemberName::flagsMods (45 bytes)
Event: 0.208 Thread 0x0000022ce46e94b0 nmethod 588 0x0000022ccfe66890 code [0x0000022ccfe66a20, 0x0000022ccfe66b28]
Event: 0.208 Thread 0x0000022ce46e94b0  589       3       java.lang.invoke.MemberName::init (53 bytes)
Event: 0.208 Thread 0x0000022ce46e94b0 nmethod 589 0x0000022ccfe66b90 code [0x0000022ccfe66d40, 0x0000022ccfe66f70]
Event: 0.208 Thread 0x0000022ce46e94b0  590       3       jdk.internal.org.objectweb.asm.ByteVector::enlarge (73 bytes)
Event: 0.208 Thread 0x0000022ce46e94b0 nmethod 590 0x0000022ccfe67010 code [0x0000022ccfe671e0, 0x0000022ccfe675a0]
Event: 0.209 Thread 0x0000022ce46e94b0  591       3       java.lang.invoke.MemberName::isCallerSensitive (8 bytes)
Event: 0.209 Thread 0x0000022ce46e94b0 nmethod 591 0x0000022ccfe67710 code [0x0000022ccfe678a0, 0x0000022ccfe67a68]
Event: 0.209 Thread 0x0000022ce46e94b0  593       3       jdk.internal.org.objectweb.asm.ByteVector::put11 (52 bytes)
Event: 0.209 Thread 0x0000022ce46e94b0 nmethod 593 0x0000022ccfe67b10 code [0x0000022ccfe67cc0, 0x0000022ccfe67ec8]
Event: 0.209 Thread 0x0000022ce46e94b0  596       3       java.lang.StringBuilder::<init> (6 bytes)
Event: 0.209 Thread 0x0000022ce46e94b0 nmethod 596 0x0000022ccfe68010 code [0x0000022ccfe681c0, 0x0000022ccfe682f8]
Event: 0.210 Thread 0x0000022ce46e94b0  598       3       com.formdev.flatlaf.UIDefaultsLoader::resolveValue (167 bytes)

GC Heap History (0 events):
No events

Dll operation events (7 events):
Event: 0.006 Loaded shared library C:\Program Files\Java\jdk-22\bin\java.dll
Event: 0.029 Loaded shared library C:\Program Files\Java\jdk-22\bin\jsvml.dll
Event: 0.054 Loaded shared library C:\Program Files\Java\jdk-22\bin\net.dll
Event: 0.055 Loaded shared library C:\Program Files\Java\jdk-22\bin\nio.dll
Event: 0.057 Loaded shared library C:\Program Files\Java\jdk-22\bin\zip.dll
Event: 0.077 Loaded shared library C:\Program Files\Java\jdk-22\bin\jimage.dll
Event: 0.107 Loaded shared library C:\Program Files\Java\jdk-22\bin\awt.dll

Deoptimization events (20 events):
Event: 0.122 Thread 0x0000022cc589fb50 DEOPT PACKING pc=0x0000022ccfdcbec9 sp=0x00000031044fc510
Event: 0.122 Thread 0x0000022cc589fb50 DEOPT UNPACKING pc=0x0000022cd7314e42 sp=0x00000031044fb980 mode 0
Event: 0.122 Thread 0x0000022cc589fb50 DEOPT PACKING pc=0x0000022ccfdcbec9 sp=0x00000031044fc510
Event: 0.122 Thread 0x0000022cc589fb50 DEOPT UNPACKING pc=0x0000022cd7314e42 sp=0x00000031044fb980 mode 0
Event: 0.122 Thread 0x0000022cc589fb50 DEOPT PACKING pc=0x0000022ccfdcbec9 sp=0x00000031044fc510
Event: 0.122 Thread 0x0000022cc589fb50 DEOPT UNPACKING pc=0x0000022cd7314e42 sp=0x00000031044fb980 mode 0
Event: 0.122 Thread 0x0000022cc589fb50 DEOPT PACKING pc=0x0000022ccfdcbec9 sp=0x00000031044fc510
Event: 0.122 Thread 0x0000022cc589fb50 DEOPT UNPACKING pc=0x0000022cd7314e42 sp=0x00000031044fb980 mode 0
Event: 0.122 Thread 0x0000022cc589fb50 DEOPT PACKING pc=0x0000022ccfdcbec9 sp=0x00000031044fc510
Event: 0.122 Thread 0x0000022cc589fb50 DEOPT UNPACKING pc=0x0000022cd7314e42 sp=0x00000031044fb980 mode 0
Event: 0.122 Thread 0x0000022cc589fb50 DEOPT PACKING pc=0x0000022ccfdcbec9 sp=0x00000031044fc510
Event: 0.122 Thread 0x0000022cc589fb50 DEOPT UNPACKING pc=0x0000022cd7314e42 sp=0x00000031044fb980 mode 0
Event: 0.123 Thread 0x0000022cc589fb50 DEOPT PACKING pc=0x0000022ccfdcbec9 sp=0x00000031044fc510
Event: 0.123 Thread 0x0000022cc589fb50 DEOPT UNPACKING pc=0x0000022cd7314e42 sp=0x00000031044fb980 mode 0
Event: 0.123 Thread 0x0000022cc589fb50 DEOPT PACKING pc=0x0000022ccfdcbec9 sp=0x00000031044fc510
Event: 0.123 Thread 0x0000022cc589fb50 DEOPT UNPACKING pc=0x0000022cd7314e42 sp=0x00000031044fb980 mode 0
Event: 0.123 Thread 0x0000022cc589fb50 DEOPT PACKING pc=0x0000022ccfdcbec9 sp=0x00000031044fc510
Event: 0.123 Thread 0x0000022cc589fb50 DEOPT UNPACKING pc=0x0000022cd7314e42 sp=0x00000031044fb980 mode 0
Event: 0.171 Thread 0x0000022cc589fb50 DEOPT PACKING pc=0x0000022ccfda8efc sp=0x00000031044fad60
Event: 0.171 Thread 0x0000022cc589fb50 DEOPT UNPACKING pc=0x0000022cd7314e42 sp=0x00000031044fa180 mode 0

Classes loaded (20 events):
Event: 0.186 Loading class com/sun/swing/internal/plaf/basic/resources/basic_en_GB
Event: 0.186 Loading class com/sun/swing/internal/plaf/basic/resources/basic_en_GB done
Event: 0.186 Loading class com/sun/swing/internal/plaf/basic/resources/basic_en_GB
Event: 0.186 Loading class com/sun/swing/internal/plaf/basic/resources/basic_en_GB done
Event: 0.187 Loading class java/util/Hashtable$KeySet
Event: 0.187 Loading class java/util/Hashtable$KeySet done
Event: 0.189 Loading class java/util/function/BooleanSupplier
Event: 0.189 Loading class java/util/function/BooleanSupplier done
Event: 0.190 Loading class javax/swing/InputMap
Event: 0.190 Loading class javax/swing/InputMap done
Event: 0.190 Loading class javax/swing/plaf/InputMapUIResource
Event: 0.190 Loading class javax/swing/plaf/InputMapUIResource done
Event: 0.192 Loading class java/lang/NumberFormatException
Event: 0.193 Loading class java/lang/NumberFormatException done
Event: 0.194 Loading class java/lang/UnsupportedOperationException
Event: 0.194 Loading class java/lang/UnsupportedOperationException done
Event: 0.203 Loading class java/lang/NoSuchFieldError
Event: 0.203 Loading class java/lang/NoSuchFieldError done
Event: 0.206 Loading class java/io/StreamTokenizer
Event: 0.206 Loading class java/io/StreamTokenizer done

Classes unloaded (0 events):
No events

Classes redefined (0 events):
No events

Internal exceptions (10 events):
Event: 0.100 Thread 0x0000022cc589fb50 Exception <a 'java/lang/ClassNotFoundException'{0x0000000089819df8}: sun/awt/resources/spi/awtProvider> (0x0000000089819df8) 
thrown [s\open\src\hotspot\share\classfile\systemDictionary.cpp, line 313]
Event: 0.113 Thread 0x0000022cc589fb50 Exception <a 'java/io/FileNotFoundException'{0x0000000089864a78}> (0x0000000089864a78) 
thrown [s\open\src\hotspot\share\prims\jni.cpp, line 520]
Event: 0.117 Thread 0x0000022cc589fb50 Exception <a 'java/io/FileNotFoundException'{0x0000000089892f68}> (0x0000000089892f68) 
thrown [s\open\src\hotspot\share\prims\jni.cpp, line 520]
Event: 0.160 Thread 0x0000022cc589fb50 Exception <a 'java/lang/NoSuchMethodError'{0x000000008979fad0}: 'void java.lang.invoke.DirectMethodHandle$Holder.invokeSpecial(java.lang.Object, java.lang.Object, java.lang.Object)'> (0x000000008979fad0) 
thrown [s\open\src\hotspot\share\interpreter\linkResolver.cpp, line 774]
Event: 0.172 Thread 0x0000022cc589fb50 Exception <a 'java/lang/NoSuchMethodError'{0x00000000897d53f8}: 'void java.lang.invoke.DirectMethodHandle$Holder.invokeStatic(java.lang.Object, java.lang.Object)'> (0x00000000897d53f8) 
thrown [s\open\src\hotspot\share\interpreter\linkResolver.cpp, line 774]
Event: 0.175 Thread 0x0000022cc589fb50 Exception <a 'java/lang/NoSuchMethodError'{0x0000000089601e80}: 'java.lang.Object java.lang.invoke.DirectMethodHandle$Holder.newInvokeSpecial(java.lang.Object, java.lang.Object, java.lang.Object, java.lang.Object, java.lang.Object)'> (0x0000000089601e80) 
thrown [s\open\src\hotspot\share\interpreter\linkResolver.cpp, line 774]
Event: 0.179 Thread 0x0000022cc589fb50 Exception <a 'java/lang/NoSuchMethodError'{0x000000008962e4b8}: 'java.lang.Object java.lang.invoke.DirectMethodHandle$Holder.invokeStatic(java.lang.Object, int, java.lang.Object)'> (0x000000008962e4b8) 
thrown [s\open\src\hotspot\share\interpreter\linkResolver.cpp, line 774]
Event: 0.186 Thread 0x0000022cc589fb50 Exception <a 'java/lang/ClassNotFoundException'{0x000000008966d340}: com/sun/swing/internal/plaf/basic/resources/spi/basicProvider> (0x000000008966d340) 
thrown [s\open\src\hotspot\share\classfile\systemDictionary.cpp, line 313]
Event: 0.189 Thread 0x0000022cc589fb50 Exception <a 'java/lang/NoSuchMethodError'{0x000000008968e5a0}: 'int java.lang.invoke.DirectMethodHandle$Holder.invokeStatic(java.lang.Object)'> (0x000000008968e5a0) 
thrown [s\open\src\hotspot\share\interpreter\linkResolver.cpp, line 774]
Event: 0.209 Thread 0x0000022cc589fb50 Exception <a 'java/lang/NoSuchMethodError'{0x0000000089568608}: 'java.lang.Object java.lang.invoke.DirectMethodHandle$Holder.newInvokeSpecial(java.lang.Object, java.lang.Object, int, java.lang.Object, float)'> (0x0000000089568608) 
thrown [s\open\src\hotspot\share\interpreter\linkResolver.cpp, line 774]

ZGC Phase Switch (0 events):
No events

VM Operations (4 events):
Event: 0.061 Executing VM operation: HandshakeAllThreads (Deoptimize)
Event: 0.061 Executing VM operation: HandshakeAllThreads (Deoptimize) done
Event: 0.156 Executing VM operation: HandshakeAllThreads (Deoptimize)
Event: 0.156 Executing VM operation: HandshakeAllThreads (Deoptimize) done

Memory protections (0 events):
No events

Nmethod flushes (0 events):
No events

Events (15 events):
Event: 0.018 Thread 0x0000022cc589fb50 Thread added: 0x0000022cc589fb50
Event: 0.027 Thread 0x0000022cc589fb50 Thread added: 0x0000022ce46dbbe0
Event: 0.028 Thread 0x0000022cc589fb50 Thread added: 0x0000022ce46dd2a0
Event: 0.028 Thread 0x0000022cc589fb50 Thread added: 0x0000022ce46ed100
Event: 0.028 Thread 0x0000022cc589fb50 Thread added: 0x0000022ce46edd60
Event: 0.028 Thread 0x0000022cc589fb50 Thread added: 0x0000022ce46f40d0
Event: 0.028 Thread 0x0000022cc589fb50 Thread added: 0x0000022ce46f2550
Event: 0.028 Thread 0x0000022cc589fb50 Thread added: 0x0000022ce46fb5f0
Event: 0.028 Thread 0x0000022cc589fb50 Thread added: 0x0000022ce46e94b0
Event: 0.048 Thread 0x0000022cc589fb50 Thread added: 0x0000022cc523fbe0
Event: 0.051 Thread 0x0000022cc589fb50 Thread added: 0x0000022cc524caa0
Event: 0.140 Thread 0x0000022cc589fb50 Thread added: 0x0000022ce487a0a0
Event: 0.141 Thread 0x0000022cc589fb50 Thread added: 0x0000022ce487c900
Event: 0.142 Thread 0x0000022cc589fb50 Thread added: 0x0000022cc5518100
Event: 0.202 Thread 0x0000022ce46e94b0 Thread added: 0x0000022ce46ea250


Dynamic libraries:
0x00007ff73c930000 - 0x00007ff73c940000 	C:\Program Files\Java\jdk-22\bin\javaw.exe
0x00007ffe30530000 - 0x00007ffe30747000 	C:\WINDOWS\SYSTEM32\ntdll.dll
0x00007ffe2e3d0000 - 0x00007ffe2e494000 	C:\WINDOWS\System32\KERNEL32.DLL
0x00007ffe2db30000 - 0x00007ffe2dee9000 	C:\WINDOWS\System32\KERNELBASE.dll
0x00007ffe2da10000 - 0x00007ffe2db21000 	C:\WINDOWS\System32\ucrtbase.dll
0x00007ffe27d70000 - 0x00007ffe27d87000 	C:\Program Files\Java\jdk-22\bin\jli.dll
0x00007ffe14060000 - 0x00007ffe1407b000 	C:\Program Files\Java\jdk-22\bin\VCRUNTIME140.dll
0x00007ffe2f8d0000 - 0x00007ffe2fa7e000 	C:\WINDOWS\System32\USER32.dll
0x00007ffe1f960000 - 0x00007ffe1fbf2000 	C:\WINDOWS\WinSxS\amd64_microsoft.windows.common-controls_6595b64144ccf1df_6.0.22621.4391_none_2715d37f73803e96\COMCTL32.dll
0x00007ffe2e010000 - 0x00007ffe2e036000 	C:\WINDOWS\System32\win32u.dll
0x00007ffe30430000 - 0x00007ffe304d7000 	C:\WINDOWS\System32\msvcrt.dll
0x00007ffe2f2f0000 - 0x00007ffe2f319000 	C:\WINDOWS\System32\GDI32.dll
0x00007ffe2def0000 - 0x00007ffe2e00b000 	C:\WINDOWS\System32\gdi32full.dll
0x00007ffe2e040000 - 0x00007ffe2e0da000 	C:\WINDOWS\System32\msvcp_win.dll
0x00007ffe2e4a0000 - 0x00007ffe2e4d1000 	C:\WINDOWS\System32\IMM32.DLL
0x00007ffe295d0000 - 0x00007ffe295dc000 	C:\Program Files\Java\jdk-22\bin\vcruntime140_1.dll
0x00007ffdb1970000 - 0x00007ffdb19fe000 	C:\Program Files\Java\jdk-22\bin\msvcp140.dll
0x00007ffd66f50000 - 0x00007ffd67c99000 	C:\Program Files\Java\jdk-22\bin\server\jvm.dll
0x00007ffe2fdf0000 - 0x00007ffe2fea2000 	C:\WINDOWS\System32\ADVAPI32.dll
0x00007ffe2f140000 - 0x00007ffe2f1e7000 	C:\WINDOWS\System32\sechost.dll
0x00007ffe2d830000 - 0x00007ffe2d858000 	C:\WINDOWS\System32\bcrypt.dll
0x00007ffe2e2b0000 - 0x00007ffe2e3c4000 	C:\WINDOWS\System32\RPCRT4.dll
0x00007ffe2f340000 - 0x00007ffe2f3b1000 	C:\WINDOWS\System32\WS2_32.dll
0x00007ffe2c6c0000 - 0x00007ffe2c70d000 	C:\WINDOWS\SYSTEM32\POWRPROF.dll
0x00007ffe28930000 - 0x00007ffe28964000 	C:\WINDOWS\SYSTEM32\WINMM.dll
0x00007ffe25a00000 - 0x00007ffe25a0a000 	C:\WINDOWS\SYSTEM32\VERSION.dll
0x00007ffe2c6a0000 - 0x00007ffe2c6b3000 	C:\WINDOWS\SYSTEM32\UMPDC.dll
0x00007ffe2c960000 - 0x00007ffe2c978000 	C:\WINDOWS\SYSTEM32\kernel.appcore.dll
0x00007ffe27d60000 - 0x00007ffe27d6a000 	C:\Program Files\Java\jdk-22\bin\jimage.dll
0x00007ffe2a9d0000 - 0x00007ffe2ac02000 	C:\WINDOWS\SYSTEM32\DBGHELP.DLL
0x00007ffe2ff90000 - 0x00007ffe3031f000 	C:\WINDOWS\System32\combase.dll
0x00007ffe2feb0000 - 0x00007ffe2ff87000 	C:\WINDOWS\System32\OLEAUT32.dll
0x00007ffe0e9e0000 - 0x00007ffe0ea12000 	C:\WINDOWS\SYSTEM32\dbgcore.DLL
0x00007ffe2d990000 - 0x00007ffe2da0b000 	C:\WINDOWS\System32\bcryptPrimitives.dll
0x00007ffe0d140000 - 0x00007ffe0d15e000 	C:\Program Files\Java\jdk-22\bin\java.dll
0x00007ffe2e500000 - 0x00007ffe2ed76000 	C:\WINDOWS\System32\SHELL32.dll
0x00007ffe2fa80000 - 0x00007ffe2fc25000 	C:\WINDOWS\System32\ole32.dll
0x00007ffe2b780000 - 0x00007ffe2c083000 	C:\WINDOWS\SYSTEM32\windows.storage.dll
0x00007ffe2b640000 - 0x00007ffe2b77f000 	C:\WINDOWS\SYSTEM32\wintypes.dll
0x00007ffe2f1f0000 - 0x00007ffe2f2e9000 	C:\WINDOWS\System32\SHCORE.dll
0x00007ffe2eee0000 - 0x00007ffe2ef3e000 	C:\WINDOWS\System32\shlwapi.dll
0x00007ffe2d760000 - 0x00007ffe2d78b000 	C:\WINDOWS\SYSTEM32\profapi.dll
0x00007ffd982d0000 - 0x00007ffd983a7000 	C:\Program Files\Java\jdk-22\bin\jsvml.dll
0x00007ffe27080000 - 0x00007ffe27090000 	C:\Program Files\Java\jdk-22\bin\net.dll
0x00007ffe2cde0000 - 0x00007ffe2ce49000 	C:\WINDOWS\system32\mswsock.dll
0x00007ffe059d0000 - 0x00007ffe059e6000 	C:\Program Files\Java\jdk-22\bin\nio.dll
0x00007ffe03530000 - 0x00007ffe03547000 	C:\Program Files\Java\jdk-22\bin\zip.dll
0x00007ffd97250000 - 0x00007ffd973de000 	C:\Program Files\Java\jdk-22\bin\awt.dll
0x00007ffe28bf0000 - 0x00007ffe28c87000 	C:\WINDOWS\SYSTEM32\apphelp.dll
0x00007ffe29e00000 - 0x00007ffe29eb1000 	C:\WINDOWS\system32\uxtheme.dll
0x00007ffe2efe0000 - 0x00007ffe2f140000 	C:\WINDOWS\System32\MSCTF.dll
0x00007ffe2ac10000 - 0x00007ffe2ac3b000 	C:\WINDOWS\system32\DWMAPI.DLL

dbghelp: loaded successfully - version: 4.0.5 - missing functions: none
symbol engine: initialized successfully - sym options: 0x614 - pdb path: .;C:\Program Files\Java\jdk-22\bin;C:\WINDOWS\SYSTEM32;C:\WINDOWS\WinSxS\amd64_microsoft.windows.common-controls_6595b64144ccf1df_6.0.22621.4391_none_2715d37f73803e96;C:\Program Files\Java\jdk-22\bin\server

VM Arguments:
jvm_args: -Dfile.encoding=UTF-8 -Dstdout.encoding=UTF-8 -Dstderr.encoding=UTF-8 -XX:+ShowCodeDetailsInExceptionMessages 
java_command: tempRunner.App
java_class_path (initial): D:\Proyects\Code\SAN MARCSO\Proyecto Algoritmica II\Moviz\Moviz\target\classes;D:\Proyects\Code\SAN MARCSO\Proyecto Algoritmica II\Moviz\Moviz\com.jgoodies.common_1.8.1.v20240327-0800.jar;D:\Proyects\Code\SAN MARCSO\Proyecto Algoritmica II\Moviz\Moviz\com.jgoodies.forms_1.9.0.v20240327-0800.jar;C:\Users\JimXL\.p2\pool\plugins\junit-jupiter-api_5.10.2.jar;C:\Users\JimXL\.p2\pool\plugins\junit-jupiter-engine_5.10.2.jar;C:\Users\JimXL\.p2\pool\plugins\junit-jupiter-migrationsupport_5.10.2.jar;C:\Users\JimXL\.p2\pool\plugins\junit-jupiter-params_5.10.2.jar;C:\Users\JimXL\.p2\pool\plugins\junit-platform-commons_1.10.2.jar;C:\Users\JimXL\.p2\pool\plugins\junit-platform-engine_1.10.2.jar;C:\Users\JimXL\.p2\pool\plugins\junit-platform-launcher_1.10.2.jar;C:\Users\JimXL\.p2\pool\plugins\junit-platform-runner_1.10.2.jar;C:\Users\JimXL\.p2\pool\plugins\junit-platform-suite-api_1.10.2.jar;C:\Users\JimXL\.p2\pool\plugins\junit-platform-suite-engine_1.10.2.jar;C:\Users\JimXL\.p2\pool\plugins\junit-platform-suite-commons_1.10.2.jar;C:\Users\JimXL\.p2\pool\plugins\junit-vintage-engine_5.10.2.jar;C:\Users\JimXL\.p2\pool\plugins\org.opentest4j_1.3.0.jar;C:\Users\JimXL\.p2\pool\plugins\org.apiguardian.api_1.1.2.jar;C:\Users\JimXL\.p2\pool\plugins\org.junit_4.13.2.v20230809-1000.jar;C:\Users\JimXL\.p2\pool\plugins\org.hamcrest.core_2.2.0.v20230809-1000.jar;C:\Users\JimXL\.m2\repository\com\formdev\flatlaf\3.5.1\flatlaf-3.5.1.jar;C:\Users\JimXL\.m2\repository\com\formdev\flatlaf-intellij-themes\3.5.1\flatlaf-intellij-themes-3.5.1.jar;C:\Users\JimXL\.m2\repository\com\mysql\mysql-connector-j\8.0.33\mysql-connector-j-8.0.33.jar;C:\Users\JimXL\.m2\repository\com\google\protobuf\protobuf-java\3.21.9\protobuf-java-3.21.9.jar
Launcher Type: SUN_STANDARD

[Global flags]
     intx CICompilerCount                          = 4                                         {product} {ergonomic}
     uint ConcGCThreads                            = 3                                         {product} {ergonomic}
     uint G1ConcRefinementThreads                  = 10                                        {product} {ergonomic}
   size_t G1HeapRegionSize                         = 1048576                                   {product} {ergonomic}
   size_t InitialHeapSize                          = 134217728                                 {product} {ergonomic}
   size_t MarkStackSize                            = 4194304                                   {product} {ergonomic}
   size_t MaxHeapSize                              = 2118123520                                {product} {ergonomic}
   size_t MaxNewSize                               = 1270874112                                {product} {ergonomic}
   size_t MinHeapDeltaBytes                        = 1048576                                   {product} {ergonomic}
   size_t MinHeapSize                              = 8388608                                   {product} {ergonomic}
    uintx NonNMethodCodeHeapSize                   = 5839372                                {pd product} {ergonomic}
    uintx NonProfiledCodeHeapSize                  = 122909434                              {pd product} {ergonomic}
    uintx ProfiledCodeHeapSize                     = 122909434                              {pd product} {ergonomic}
    uintx ReservedCodeCacheSize                    = 251658240                              {pd product} {ergonomic}
     bool SegmentedCodeCache                       = true                                      {product} {ergonomic}
     bool ShowCodeDetailsInExceptionMessages       = true                                   {manageable} {command line}
   size_t SoftMaxHeapSize                          = 2118123520                             {manageable} {ergonomic}
     bool UseCompressedOops                        = true                           {product lp64_product} {ergonomic}
     bool UseG1GC                                  = true                                      {product} {ergonomic}
     bool UseLargePagesIndividualAllocation        = false                                  {pd product} {ergonomic}

Logging:
Log output configuration:
 #0: stdout all=warning uptime,level,tags foldmultilines=false
 #1: stderr all=off uptime,level,tags foldmultilines=false

Environment Variables:
PATH=C:\mingw64\bin;C:\msys64\usr\bin;C:\Program Files\Common Files\Oracle\Java\javapath;C:\Program Files (x86)\Common Files\Oracle\Java\java8path;C:\Program Files (x86)\Common Files\Oracle\Java\javapath;C:\Program Files (x86)\Common Files\Intel\Shared Libraries\redist\intel64\compiler;C:\Program Files\Oculus\Support\oculus-runtime;C:\Windows\system32;C:\Windows;C:\Windows\System32\Wbem;C:\Windows\System32\WindowsPowerShell\v1.0\;C:\Windows\System32\OpenSSH\;C:\Program Files\NVIDIA Corporation\NVIDIA NvDLISR;C:\Program Files (x86)\NVIDIA Corporation\PhysX\Common;C:\Program Files\dotnet\;C:\WINDOWS\system32;C:\WINDOWS;C:\WINDOWS\System32\Wbem;C:\WINDOWS\System32\WindowsPowerShell\v1.0\;C:\WINDOWS\System32\OpenSSH\;D:\Proyects\Code\Git\cmd;C:\Program Files\nodejs\;C:\TDM-GCC-64\bin;C:\Program Files\MySQL\MySQL Shell 8.0\bin\;C:\Users\JimXL\AppData\Local\Microsoft\WindowsApps;C:\Users\JimXL\AppData\Local\Programs\Microsoft VS Code\bin;C:\Users\JimXL\AppData\Local\Microsoft\WinGet\Packages\Schniz.fnm_Microsoft.Winget.Source_8wekyb3d8bbwe;C:\Users\JimXL\AppData\Roaming\npm;C:\Program Files\Java\jdk-22\bin;
USERNAME=JimXL
OS=Windows_NT
PROCESSOR_IDENTIFIER=AMD64 Family 23 Model 113 Stepping 0, AuthenticAMD
TMP=C:\Users\JimXL\AppData\Local\Temp
TEMP=C:\Users\JimXL\AppData\Local\Temp




Periodic native trim disabled

---------------  S Y S T E M  ---------------

OS:
 Windows 11 , 64 bit Build 22621 (10.0.22621.4391)
OS uptime: 0 days 2:05 hours

CPU: total 12 (initial active 12) (12 cores per cpu, 2 threads per core) family 23 model 113 stepping 0 microcode 0x0, cx8, cmov, fxsr, ht, mmx, 3dnowpref, sse, sse2, sse3, ssse3, sse4a, sse4.1, sse4.2, popcnt, lzcnt, tsc, tscinvbit, avx, avx2, aes, clmul, bmi1, bmi2, adx, sha, fma, vzeroupper, clflush, clflushopt, rdtscp, rdpid, f16c
Processor Information for all 12 processors :
  Max Mhz: 3593, Current Mhz: 3593, Mhz Limit: 3593

Memory: 4k page, system-wide physical 8076M (565M free)
TotalPageFile size 32652M (AvailPageFile size 0M)
current process WorkingSet (physical memory assigned to process): 55M, peak: 55M
current process commit charge ("private bytes"): 224M, peak: 224M

vm_info: Java HotSpot(TM) 64-Bit Server VM (22.0.2+9-70) for windows-amd64 JRE (22.0.2+9-70), built on 2024-06-04T16:52:23Z by "mach5one" with MS VC++ 17.6 (VS2022)

END.
