#
# There is insufficient memory for the Java Runtime Environment to continue.
# Native memory allocation (mmap) failed to map 134217728 bytes. Error detail: G1 virtual space
# Possible reasons:
#   The system is out of physical RAM or swap space
#   This process is running with CompressedOops enabled, and the Java Heap may be blocking the growth of the native heap
# Possible solutions:
#   Reduce memory load on the system
#   Increase physical memory or swap space
#   Check if swap backing store is full
#   Decrease Java heap size (-Xmx/-Xms)
#   Decrease number of Java threads
#   Decrease Java thread stack sizes (-Xss)
#   Set larger code cache with -XX:ReservedCodeCacheSize=
#   JVM is running with Unscaled Compressed Oops mode in which the Java heap is
#     placed in the first 4GB address space. The Java Heap base address is the
#     maximum limit for the native heap growth. Please use -XX:HeapBaseMinAddress
#     to set the Java Heap base and to place the Java Heap above 4GB virtual address.
# This output file may be truncated or incomplete.
#
#  Out of Memory Error (os_windows.cpp:3631), pid=12636, tid=4352
#
# JRE version:  (22.0.2+9) (build )
# Java VM: Java HotSpot(TM) 64-Bit Server VM (22.0.2+9-70, mixed mode, sharing, tiered, compressed oops, compressed class ptrs, g1 gc, windows-amd64)
# No core dump will be written. Minidumps are not enabled by default on client versions of Windows
#

---------------  S U M M A R Y ------------

Command Line: -Dfile.encoding=UTF-8 -Dstdout.encoding=UTF-8 -Dstderr.encoding=UTF-8 -XX:+ShowCodeDetailsInExceptionMessages tempRunner.App

Host: AMD Ryzen 5 3600 6-Core Processor              , 12 cores, 7G,  Windows 11 , 64 bit Build 22621 (10.0.22621.4391)
Time: Sun Nov  3 17:33:58 2024 SA Pacific Standard Time elapsed time: 0.010551 seconds (0d 0h 0m 0s)

---------------  T H R E A D  ---------------

Current thread (0x000002c489ca5990):  JavaThread "Unknown thread" [_thread_in_vm, id=4352, stack(0x000000f778b00000,0x000000f778c00000) (1024K)]

Stack: [0x000000f778b00000,0x000000f778c00000]
Native frames: (J=compiled Java code, j=interpreted, Vv=VM code, C=native code)
V  [jvm.dll+0x6e26e9]  (no source info available)
V  [jvm.dll+0x875753]  (no source info available)
V  [jvm.dll+0x877b7e]  (no source info available)
V  [jvm.dll+0x878253]  (no source info available)
V  [jvm.dll+0x27fc86]  (no source info available)
V  [jvm.dll+0x6ded85]  (no source info available)
V  [jvm.dll+0x6d388a]  (no source info available)
V  [jvm.dll+0x358b8a]  (no source info available)
V  [jvm.dll+0x3610b6]  (no source info available)
V  [jvm.dll+0x3b419e]  (no source info available)
V  [jvm.dll+0x3b4448]  (no source info available)
V  [jvm.dll+0x32c5ec]  (no source info available)
V  [jvm.dll+0x32d258]  (no source info available)
V  [jvm.dll+0x83d5ac]  (no source info available)
V  [jvm.dll+0x3c10d1]  (no source info available)
V  [jvm.dll+0x8264cc]  (no source info available)
V  [jvm.dll+0x45bd5e]  (no source info available)
V  [jvm.dll+0x45dbe1]  (no source info available)
C  [jli.dll+0x52a3]  (no source info available)
C  [ucrtbase.dll+0x29333]  (no source info available)
C  [KERNEL32.DLL+0x1259d]  (no source info available)
C  [ntdll.dll+0x5af38]  (no source info available)


---------------  P R O C E S S  ---------------

Threads class SMR info:
_java_thread_list=0x00007ffd67b3c1c8, length=0, elements={
}

Java Threads: ( => current thread )
Total: 0

Other Threads:
  0x000002c48bea5dd0 WorkerThread "GC Thread#0"                     [id=8392, stack(0x000000f778c00000,0x000000f778d00000) (1024K)]
  0x000002c48beb7390 ConcurrentGCThread "G1 Main Marker"            [id=25404, stack(0x000000f778d00000,0x000000f778e00000) (1024K)]
  0x000002c48beb7ea0 WorkerThread "G1 Conc#0"                       [id=15232, stack(0x000000f778e00000,0x000000f778f00000) (1024K)]

[error occurred during error reporting (printing all threads), id 0xc0000005, EXCEPTION_ACCESS_VIOLATION (0xc0000005) at pc=0x00007ffd6728f517]
VM state: not at safepoint (not fully initialized)

VM Mutex/Monitor currently owned by a thread:  ([mutex/lock_event])
[0x00007ffd67bbcc80] Heap_lock - owner thread: 0x000002c489ca5990

Heap address: 0x0000000081c00000, size: 2020 MB, Compressed Oops mode: 32-bit

CDS archive(s) mapped at: [0x0000000000000000-0x0000000000000000-0x0000000000000000), size 0, SharedBaseAddress: 0x0000000800000000, ArchiveRelocationMode: 1.
Narrow klass base: 0x0000000000000000, Narrow klass shift: 0, Narrow klass range: 0x0

GC Precious Log:
 CardTable entry size: 512
 Card Set container configuration: InlinePtr #cards 5 size 8 Array Of Cards #cards 12 size 40 Howl #buckets 4 coarsen threshold 1843 Howl Bitmap #cards 512 size 80 coarsen threshold 460 Card regions per heap region 1 cards per card region 2048

Heap:
 garbage-first heap   total reserved 2068480K, committed 0K, used 0K [0x0000000081c00000, 0x0000000100000000)
  region size 1024K, 0 young (0K), 0 survivors (0K)

[error occurred during error reporting (printing heap information), id 0xc0000005, EXCEPTION_ACCESS_VIOLATION (0xc0000005) at pc=0x00007ffd6768e869]
GC Heap History (0 events):
No events

Dll operation events (1 events):
Event: 0.007 Loaded shared library C:\Program Files\Java\jdk-22\bin\java.dll

Deoptimization events (0 events):
No events

Classes loaded (0 events):
No events

Classes unloaded (0 events):
No events

Classes redefined (0 events):
No events

Internal exceptions (0 events):
No events

ZGC Phase Switch (0 events):
No events

VM Operations (0 events):
No events

Memory protections (0 events):
No events

Nmethod flushes (0 events):
No events

Events (0 events):
No events


Dynamic libraries:
0x00007ff73c930000 - 0x00007ff73c940000 	C:\Program Files\Java\jdk-22\bin\javaw.exe
0x00007ffe30530000 - 0x00007ffe30747000 	C:\WINDOWS\SYSTEM32\ntdll.dll
0x00007ffe2e3d0000 - 0x00007ffe2e494000 	C:\WINDOWS\System32\KERNEL32.DLL
0x00007ffe2db30000 - 0x00007ffe2dee9000 	C:\WINDOWS\System32\KERNELBASE.dll
0x00007ffe2da10000 - 0x00007ffe2db21000 	C:\WINDOWS\System32\ucrtbase.dll
0x00007ffe27d70000 - 0x00007ffe27d87000 	C:\Program Files\Java\jdk-22\bin\jli.dll
0x00007ffe14060000 - 0x00007ffe1407b000 	C:\Program Files\Java\jdk-22\bin\VCRUNTIME140.dll
0x00007ffe2f8d0000 - 0x00007ffe2fa7e000 	C:\WINDOWS\System32\USER32.dll
0x00007ffe1f960000 - 0x00007ffe1fbf2000 	C:\WINDOWS\WinSxS\amd64_microsoft.windows.common-controls_6595b64144ccf1df_6.0.22621.4391_none_2715d37f73803e96\COMCTL32.dll
0x00007ffe2e010000 - 0x00007ffe2e036000 	C:\WINDOWS\System32\win32u.dll
0x00007ffe30430000 - 0x00007ffe304d7000 	C:\WINDOWS\System32\msvcrt.dll
0x00007ffe2f2f0000 - 0x00007ffe2f319000 	C:\WINDOWS\System32\GDI32.dll
0x00007ffe2def0000 - 0x00007ffe2e00b000 	C:\WINDOWS\System32\gdi32full.dll
0x00007ffe2e040000 - 0x00007ffe2e0da000 	C:\WINDOWS\System32\msvcp_win.dll
0x00007ffe2e4a0000 - 0x00007ffe2e4d1000 	C:\WINDOWS\System32\IMM32.DLL
0x00007ffe295d0000 - 0x00007ffe295dc000 	C:\Program Files\Java\jdk-22\bin\vcruntime140_1.dll
0x00007ffdb1970000 - 0x00007ffdb19fe000 	C:\Program Files\Java\jdk-22\bin\msvcp140.dll
0x00007ffd66f50000 - 0x00007ffd67c99000 	C:\Program Files\Java\jdk-22\bin\server\jvm.dll
0x00007ffe2fdf0000 - 0x00007ffe2fea2000 	C:\WINDOWS\System32\ADVAPI32.dll
0x00007ffe2f140000 - 0x00007ffe2f1e7000 	C:\WINDOWS\System32\sechost.dll
0x00007ffe2d830000 - 0x00007ffe2d858000 	C:\WINDOWS\System32\bcrypt.dll
0x00007ffe2e2b0000 - 0x00007ffe2e3c4000 	C:\WINDOWS\System32\RPCRT4.dll
0x00007ffe2f340000 - 0x00007ffe2f3b1000 	C:\WINDOWS\System32\WS2_32.dll
0x00007ffe28930000 - 0x00007ffe28964000 	C:\WINDOWS\SYSTEM32\WINMM.dll
0x00007ffe2c6c0000 - 0x00007ffe2c70d000 	C:\WINDOWS\SYSTEM32\POWRPROF.dll
0x00007ffe25a00000 - 0x00007ffe25a0a000 	C:\WINDOWS\SYSTEM32\VERSION.dll
0x00007ffe2c6a0000 - 0x00007ffe2c6b3000 	C:\WINDOWS\SYSTEM32\UMPDC.dll
0x00007ffe2c960000 - 0x00007ffe2c978000 	C:\WINDOWS\SYSTEM32\kernel.appcore.dll
0x00007ffe27d60000 - 0x00007ffe27d6a000 	C:\Program Files\Java\jdk-22\bin\jimage.dll
0x00007ffe2a9d0000 - 0x00007ffe2ac02000 	C:\WINDOWS\SYSTEM32\DBGHELP.DLL
0x00007ffe2ff90000 - 0x00007ffe3031f000 	C:\WINDOWS\System32\combase.dll
0x00007ffe2feb0000 - 0x00007ffe2ff87000 	C:\WINDOWS\System32\OLEAUT32.dll
0x00007ffe0e9e0000 - 0x00007ffe0ea12000 	C:\WINDOWS\SYSTEM32\dbgcore.DLL
0x00007ffe2d990000 - 0x00007ffe2da0b000 	C:\WINDOWS\System32\bcryptPrimitives.dll
0x00007ffe0d140000 - 0x00007ffe0d15e000 	C:\Program Files\Java\jdk-22\bin\java.dll
0x00007ffe2e500000 - 0x00007ffe2ed76000 	C:\WINDOWS\System32\SHELL32.dll
0x00007ffe2fa80000 - 0x00007ffe2fc25000 	C:\WINDOWS\System32\ole32.dll

dbghelp: loaded successfully - version: 4.0.5 - missing functions: none
symbol engine: initialized successfully - sym options: 0x614 - pdb path: .;C:\Program Files\Java\jdk-22\bin;C:\WINDOWS\SYSTEM32;C:\WINDOWS\WinSxS\amd64_microsoft.windows.common-controls_6595b64144ccf1df_6.0.22621.4391_none_2715d37f73803e96;C:\Program Files\Java\jdk-22\bin\server

VM Arguments:
jvm_args: -Dfile.encoding=UTF-8 -Dstdout.encoding=UTF-8 -Dstderr.encoding=UTF-8 -XX:+ShowCodeDetailsInExceptionMessages 
java_command: tempRunner.App
java_class_path (initial): D:\Proyects\Code\SAN MARCSO\Proyecto Algoritmica II\Moviz\Moviz\target\classes;D:\Proyects\Code\SAN MARCSO\Proyecto Algoritmica II\Moviz\Moviz\com.jgoodies.common_1.8.1.v20240327-0800.jar;D:\Proyects\Code\SAN MARCSO\Proyecto Algoritmica II\Moviz\Moviz\com.jgoodies.forms_1.9.0.v20240327-0800.jar;C:\Users\JimXL\.p2\pool\plugins\junit-jupiter-api_5.10.2.jar;C:\Users\JimXL\.p2\pool\plugins\junit-jupiter-engine_5.10.2.jar;C:\Users\JimXL\.p2\pool\plugins\junit-jupiter-migrationsupport_5.10.2.jar;C:\Users\JimXL\.p2\pool\plugins\junit-jupiter-params_5.10.2.jar;C:\Users\JimXL\.p2\pool\plugins\junit-platform-commons_1.10.2.jar;C:\Users\JimXL\.p2\pool\plugins\junit-platform-engine_1.10.2.jar;C:\Users\JimXL\.p2\pool\plugins\junit-platform-launcher_1.10.2.jar;C:\Users\JimXL\.p2\pool\plugins\junit-platform-runner_1.10.2.jar;C:\Users\JimXL\.p2\pool\plugins\junit-platform-suite-api_1.10.2.jar;C:\Users\JimXL\.p2\pool\plugins\junit-platform-suite-engine_1.10.2.jar;C:\Users\JimXL\.p2\pool\plugins\junit-platform-suite-commons_1.10.2.jar;C:\Users\JimXL\.p2\pool\plugins\junit-vintage-engine_5.10.2.jar;C:\Users\JimXL\.p2\pool\plugins\org.opentest4j_1.3.0.jar;C:\Users\JimXL\.p2\pool\plugins\org.apiguardian.api_1.1.2.jar;C:\Users\JimXL\.p2\pool\plugins\org.junit_4.13.2.v20230809-1000.jar;C:\Users\JimXL\.p2\pool\plugins\org.hamcrest.core_2.2.0.v20230809-1000.jar;C:\Users\JimXL\.m2\repository\com\formdev\flatlaf\3.5.1\flatlaf-3.5.1.jar;C:\Users\JimXL\.m2\repository\com\formdev\flatlaf-intellij-themes\3.5.1\flatlaf-intellij-themes-3.5.1.jar;C:\Users\JimXL\.m2\repository\com\mysql\mysql-connector-j\8.0.33\mysql-connector-j-8.0.33.jar;C:\Users\JimXL\.m2\repository\com\google\protobuf\protobuf-java\3.21.9\protobuf-java-3.21.9.jar
Launcher Type: SUN_STANDARD

[Global flags]
     intx CICompilerCount                          = 4                                         {product} {ergonomic}
     uint ConcGCThreads                            = 3                                         {product} {ergonomic}
     uint G1ConcRefinementThreads                  = 10                                        {product} {ergonomic}
   size_t G1HeapRegionSize                         = 1048576                                   {product} {ergonomic}
   size_t InitialHeapSize                          = 134217728                                 {product} {ergonomic}
   size_t MarkStackSize                            = 4194304                                   {product} {ergonomic}
   size_t MaxHeapSize                              = 2118123520                                {product} {ergonomic}
   size_t MinHeapDeltaBytes                        = 1048576                                   {product} {ergonomic}
   size_t MinHeapSize                              = 8388608                                   {product} {ergonomic}
    uintx NonNMethodCodeHeapSize                   = 5839372                                {pd product} {ergonomic}
    uintx NonProfiledCodeHeapSize                  = 122909434                              {pd product} {ergonomic}
    uintx ProfiledCodeHeapSize                     = 122909434                              {pd product} {ergonomic}
    uintx ReservedCodeCacheSize                    = 251658240                              {pd product} {ergonomic}
     bool SegmentedCodeCache                       = true                                      {product} {ergonomic}
     bool ShowCodeDetailsInExceptionMessages       = true                                   {manageable} {command line}
   size_t SoftMaxHeapSize                          = 2118123520                             {manageable} {ergonomic}
     bool UseCompressedOops                        = true                           {product lp64_product} {ergonomic}
     bool UseG1GC                                  = true                                      {product} {ergonomic}
     bool UseLargePagesIndividualAllocation        = false                                  {pd product} {ergonomic}

Logging:
Log output configuration:
 #0: stdout all=warning uptime,level,tags foldmultilines=false
 #1: stderr all=off uptime,level,tags foldmultilines=false

Environment Variables:
PATH=C:\mingw64\bin;C:\msys64\usr\bin;C:\Program Files\Common Files\Oracle\Java\javapath;C:\Program Files (x86)\Common Files\Oracle\Java\java8path;C:\Program Files (x86)\Common Files\Oracle\Java\javapath;C:\Program Files (x86)\Common Files\Intel\Shared Libraries\redist\intel64\compiler;C:\Program Files\Oculus\Support\oculus-runtime;C:\Windows\system32;C:\Windows;C:\Windows\System32\Wbem;C:\Windows\System32\WindowsPowerShell\v1.0\;C:\Windows\System32\OpenSSH\;C:\Program Files\NVIDIA Corporation\NVIDIA NvDLISR;C:\Program Files (x86)\NVIDIA Corporation\PhysX\Common;C:\Program Files\dotnet\;C:\WINDOWS\system32;C:\WINDOWS;C:\WINDOWS\System32\Wbem;C:\WINDOWS\System32\WindowsPowerShell\v1.0\;C:\WINDOWS\System32\OpenSSH\;D:\Proyects\Code\Git\cmd;C:\Program Files\nodejs\;C:\TDM-GCC-64\bin;C:\Program Files\MySQL\MySQL Shell 8.0\bin\;C:\Users\JimXL\AppData\Local\Microsoft\WindowsApps;C:\Users\JimXL\AppData\Local\Programs\Microsoft VS Code\bin;C:\Users\JimXL\AppData\Local\Microsoft\WinGet\Packages\Schniz.fnm_Microsoft.Winget.Source_8wekyb3d8bbwe;C:\Users\JimXL\AppData\Roaming\npm;C:\Program Files\Java\jdk-22\bin;
USERNAME=JimXL
OS=Windows_NT
PROCESSOR_IDENTIFIER=AMD64 Family 23 Model 113 Stepping 0, AuthenticAMD
TMP=C:\Users\JimXL\AppData\Local\Temp
TEMP=C:\Users\JimXL\AppData\Local\Temp




Periodic native trim disabled

---------------  S Y S T E M  ---------------

OS:
 Windows 11 , 64 bit Build 22621 (10.0.22621.4391)
OS uptime: 0 days 2:05 hours

CPU: total 12 (initial active 12) (12 cores per cpu, 2 threads per core) family 23 model 113 stepping 0 microcode 0x0, cx8, cmov, fxsr, ht, mmx, 3dnowpref, sse, sse2, sse3, ssse3, sse4a, sse4.1, sse4.2, popcnt, lzcnt, tsc, tscinvbit, avx, avx2, aes, clmul, bmi1, bmi2, adx, sha, fma, vzeroupper, clflush, clflushopt, rdtscp, rdpid, f16c
Processor Information for all 12 processors :
  Max Mhz: 3593, Current Mhz: 3593, Mhz Limit: 3593

Memory: 4k page, system-wide physical 8076M (756M free)
TotalPageFile size 32652M (AvailPageFile size 127M)
current process WorkingSet (physical memory assigned to process): 12M, peak: 12M
current process commit charge ("private bytes"): 64M, peak: 192M

vm_info: Java HotSpot(TM) 64-Bit Server VM (22.0.2+9-70) for windows-amd64 JRE (22.0.2+9-70), built on 2024-06-04T16:52:23Z by "mach5one" with MS VC++ 17.6 (VS2022)

END.
